register tokenizers/friso
[[0,0.0,0.0],true]
tokenize TokenFriso "今天"
[
  [
    0,
    0.0,
    0.0
  ],
  [
    {
      "value": "今天",
      "position": 0,
      "force_prefix": false,
      "force_prefix_search": false
    }
  ]
]
